Archive member included to satisfy reference by file (symbol)

c:/program files (x86)/atmel/studio/7.0/toolchain/avr8/avr8-gnu-toolchain/bin/../lib/gcc/avr/5.4.0/../../../../avr/lib/avr5\libm.a(cmpsf2.o)
                              main.o (__lesf2)
c:/program files (x86)/atmel/studio/7.0/toolchain/avr8/avr8-gnu-toolchain/bin/../lib/gcc/avr/5.4.0/../../../../avr/lib/avr5\libm.a(floatsisf.o)
                              main.o (__floatunsisf)
c:/program files (x86)/atmel/studio/7.0/toolchain/avr8/avr8-gnu-toolchain/bin/../lib/gcc/avr/5.4.0/../../../../avr/lib/avr5\libm.a(fp_cmp.o)
                              c:/program files (x86)/atmel/studio/7.0/toolchain/avr8/avr8-gnu-toolchain/bin/../lib/gcc/avr/5.4.0/../../../../avr/lib/avr5\libm.a(cmpsf2.o) (__fp_cmp)
c:/program files (x86)/atmel/studio/7.0/toolchain/avr8/avr8-gnu-toolchain/bin/../lib/gcc/avr/5.4.0/../../../../avr/lib/avr5\libm.a(gesf2.o)
                              main.o (__gesf2)
c:/program files (x86)/atmel/studio/7.0/toolchain/avr8/avr8-gnu-toolchain/bin/../lib/gcc/avr/5.4.0/avr5\libgcc.a(_udivmodsi4.o)
                              modbus/port_AVR/portserial.o (__udivmodsi4)
c:/program files (x86)/atmel/studio/7.0/toolchain/avr8/avr8-gnu-toolchain/bin/../lib/gcc/avr/5.4.0/avr5\libgcc.a(_exit.o)
                              C:/Program Files (x86)/Atmel/Studio/7.0/Packs/atmel/ATmega_DFP/1.3.300/gcc/dev/atmega64/avr5/crtatmega64.o (exit)
c:/program files (x86)/atmel/studio/7.0/toolchain/avr8/avr8-gnu-toolchain/bin/../lib/gcc/avr/5.4.0/avr5\libgcc.a(_copy_data.o)
                              main.o (__do_copy_data)
c:/program files (x86)/atmel/studio/7.0/toolchain/avr8/avr8-gnu-toolchain/bin/../lib/gcc/avr/5.4.0/avr5\libgcc.a(_clear_bss.o)
                              main.o (__do_clear_bss)
c:/program files (x86)/atmel/studio/7.0/toolchain/avr8/avr8-gnu-toolchain/bin/../lib/gcc/avr/5.4.0/avr5\libgcc.a(_umulhisi3.o)
                              main.o (__umulhisi3)
c:/program files (x86)/atmel/studio/7.0/toolchain/avr8/avr8-gnu-toolchain/bin/../lib/gcc/avr/5.4.0/../../../../avr/lib/avr5\libc.a(memcpy.o)
                              modbus/functions/mbfuncother.o (memcpy)

Allocating common symbols
Common symbol       size              file

pxMBFrameCBTransmitterEmpty
                    0x2               modbus/mb.o
eStatus             0x1               main.o
pxMBPortCBTimerExpired
                    0x2               modbus/mb.o
adc_timer_ovf_cnt   0x1               main.o
ucRTUBuf            0x100             modbus/rtu/mbrtu.o
wimod_timer_ovf_cnt
                    0x2               main.o
pxMBFrameCBByteReceived
                    0x2               modbus/mb.o
pxMBFrameCBTransmitFSMCur
                    0x2               modbus/mb.o
pxMBFrameCBReceiveFSMCur
                    0x2               modbus/mb.o
rxMessage           0x132             main.o

Discarded input sections

 .data          0x00000000        0x0 C:/Program Files (x86)/Atmel/Studio/7.0/Packs/atmel/ATmega_DFP/1.3.300/gcc/dev/atmega64/avr5/crtatmega64.o
 .bss           0x00000000        0x0 C:/Program Files (x86)/Atmel/Studio/7.0/Packs/atmel/ATmega_DFP/1.3.300/gcc/dev/atmega64/avr5/crtatmega64.o
 .text          0x00000000        0x0 main.o
 .data          0x00000000        0x0 main.o
 .bss           0x00000000        0x0 main.o
 .text.get_volts_bat
                0x00000000       0x14 main.o
 .text.get_volts_active_bat
                0x00000000       0x16 main.o
 .text.get_volts_charge_bat
                0x00000000       0x1a main.o
 .text.assert_charge_source_connected
                0x00000000        0x2 main.o
 .text.settings_to_holding
                0x00000000       0x46 main.o
 .rodata.STAT_CHRG_NONE
                0x00000000        0x2 main.o
 .rodata.STAT_CHRG_B3
                0x00000000        0x2 main.o
 .rodata.STAT_CHRG_B2
                0x00000000        0x2 main.o
 .rodata.STAT_CHRG_B1
                0x00000000        0x2 main.o
 .rodata.STAT_CHRG_B0
                0x00000000        0x2 main.o
 .rodata.STAT_ACT_NONE
                0x00000000        0x2 main.o
 .rodata.STAT_ACT_B3
                0x00000000        0x2 main.o
 .rodata.STAT_ACT_B2
                0x00000000        0x2 main.o
 .rodata.STAT_ACT_B1
                0x00000000        0x2 main.o
 .rodata.STAT_ACT_B0
                0x00000000        0x2 main.o
 .text          0x00000000        0x0 modbus/ascii/mbascii.o
 .data          0x00000000        0x0 modbus/ascii/mbascii.o
 .bss           0x00000000        0x0 modbus/ascii/mbascii.o
 .debug_info    0x00000000       0x6b modbus/ascii/mbascii.o
 .debug_abbrev  0x00000000       0x26 modbus/ascii/mbascii.o
 .debug_aranges
                0x00000000       0x18 modbus/ascii/mbascii.o
 .debug_line    0x00000000       0x1a modbus/ascii/mbascii.o
 .debug_str     0x00000000      0x191 modbus/ascii/mbascii.o
 .comment       0x00000000       0x31 modbus/ascii/mbascii.o
 .text          0x00000000        0x0 modbus/functions/mbfunccoils.o
 .data          0x00000000        0x0 modbus/functions/mbfunccoils.o
 .bss           0x00000000        0x0 modbus/functions/mbfunccoils.o
 .text          0x00000000        0x0 modbus/functions/mbfuncdiag.o
 .data          0x00000000        0x0 modbus/functions/mbfuncdiag.o
 .bss           0x00000000        0x0 modbus/functions/mbfuncdiag.o
 .debug_line    0x00000000        0x0 modbus/functions/mbfuncdiag.o
 .debug_str     0x00000000      0x10f modbus/functions/mbfuncdiag.o
 .comment       0x00000000       0x31 modbus/functions/mbfuncdiag.o
 .text          0x00000000        0x0 modbus/functions/mbfuncdisc.o
 .data          0x00000000        0x0 modbus/functions/mbfuncdisc.o
 .bss           0x00000000        0x0 modbus/functions/mbfuncdisc.o
 .text          0x00000000        0x0 modbus/functions/mbfuncholding.o
 .data          0x00000000        0x0 modbus/functions/mbfuncholding.o
 .bss           0x00000000        0x0 modbus/functions/mbfuncholding.o
 .text          0x00000000        0x0 modbus/functions/mbfuncinput.o
 .data          0x00000000        0x0 modbus/functions/mbfuncinput.o
 .bss           0x00000000        0x0 modbus/functions/mbfuncinput.o
 .text          0x00000000        0x0 modbus/functions/mbfuncother.o
 .data          0x00000000        0x0 modbus/functions/mbfuncother.o
 .bss           0x00000000        0x0 modbus/functions/mbfuncother.o
 .text          0x00000000        0x0 modbus/functions/mbutils.o
 .data          0x00000000        0x0 modbus/functions/mbutils.o
 .bss           0x00000000        0x0 modbus/functions/mbutils.o
 .text.xMBUtilSetBits
                0x00000000       0x7c modbus/functions/mbutils.o
 .text.xMBUtilGetBits
                0x00000000       0x4c modbus/functions/mbutils.o
 .text          0x00000000        0x0 modbus/mb.o
 .data          0x00000000        0x0 modbus/mb.o
 .bss           0x00000000        0x0 modbus/mb.o
 .text.eMBRegisterCB
                0x00000000       0xc6 modbus/mb.o
 .text.eMBClose
                0x00000000       0x22 modbus/mb.o
 .text.eMBDisable
                0x00000000       0x28 modbus/mb.o
 .text          0x00000000        0x0 modbus/port_AVR/demo.o
 .data          0x00000000        0x0 modbus/port_AVR/demo.o
 .bss           0x00000000        0x0 modbus/port_AVR/demo.o
 .debug_info    0x00000000       0xa5 modbus/port_AVR/demo.o
 .debug_abbrev  0x00000000       0x61 modbus/port_AVR/demo.o
 .debug_aranges
                0x00000000       0x18 modbus/port_AVR/demo.o
 .debug_line    0x00000000       0x6b modbus/port_AVR/demo.o
 .debug_str     0x00000000      0x1bf modbus/port_AVR/demo.o
 .comment       0x00000000       0x31 modbus/port_AVR/demo.o
 .text          0x00000000        0x0 modbus/port_AVR/mbcrc.o
 .data          0x00000000        0x0 modbus/port_AVR/mbcrc.o
 .bss           0x00000000        0x0 modbus/port_AVR/mbcrc.o
 .text          0x00000000        0x0 modbus/port_AVR/portevent.o
 .data          0x00000000        0x0 modbus/port_AVR/portevent.o
 .bss           0x00000000        0x0 modbus/port_AVR/portevent.o
 .text          0x00000000        0x0 modbus/port_AVR/portserial.o
 .data          0x00000000        0x0 modbus/port_AVR/portserial.o
 .bss           0x00000000        0x0 modbus/port_AVR/portserial.o
 .text          0x00000000        0x0 modbus/port_AVR/porttimer.o
 .data          0x00000000        0x0 modbus/port_AVR/porttimer.o
 .bss           0x00000000        0x0 modbus/port_AVR/porttimer.o
 .text          0x00000000        0x0 modbus/rtu/mbrtu.o
 .data          0x00000000        0x0 modbus/rtu/mbrtu.o
 .bss           0x00000000        0x0 modbus/rtu/mbrtu.o
 .text          0x00000000        0x0 modbus/tcp/mbtcp.o
 .data          0x00000000        0x0 modbus/tcp/mbtcp.o
 .bss           0x00000000        0x0 modbus/tcp/mbtcp.o
 .debug_info    0x00000000       0x6b modbus/tcp/mbtcp.o
 .debug_abbrev  0x00000000       0x26 modbus/tcp/mbtcp.o
 .debug_aranges
                0x00000000       0x18 modbus/tcp/mbtcp.o
 .debug_line    0x00000000       0x1a modbus/tcp/mbtcp.o
 .debug_str     0x00000000      0x18d modbus/tcp/mbtcp.o
 .comment       0x00000000       0x31 modbus/tcp/mbtcp.o
 .text          0x00000000        0x0 ringbuffer.o
 .data          0x00000000        0x0 ringbuffer.o
 .bss           0x00000000        0x0 ringbuffer.o
 .text.BufferOut
                0x00000000       0x36 ringbuffer.o
 .text.BufferCount
                0x00000000        0x6 ringbuffer.o
 .text          0x00000000        0x0 SPI.o
 .data          0x00000000        0x0 SPI.o
 .bss           0x00000000        0x0 SPI.o
 .text          0x00000000        0x0 UART/UART0.o
 .data          0x00000000        0x0 UART/UART0.o
 .bss           0x00000000        0x0 UART/UART0.o
 .text.uart0_init
                0x00000000       0x16 UART/UART0.o
 .text.uart0_flush
                0x00000000        0xc UART/UART0.o
 .text.uart0_rx_byte
                0x00000000        0xc UART/UART0.o
 .text.uart0_rx_packet
                0x00000000       0x12 UART/UART0.o
 .text          0x00000000        0x0 UART/UART1.o
 .data          0x00000000        0x0 UART/UART1.o
 .bss           0x00000000        0x0 UART/UART1.o
 .text.uart1_flush
                0x00000000       0x1a UART/UART1.o
 .text.uart1_rx_byte
                0x00000000       0x14 UART/UART1.o
 .text.uart1_rx_packet
                0x00000000       0x58 UART/UART1.o
 .text          0x00000000        0x0 WiMOD/CRC16.o
 .data          0x00000000        0x0 WiMOD/CRC16.o
 .bss           0x00000000        0x0 WiMOD/CRC16.o
 .text          0x00000000        0x0 WiMOD/SLIP.o
 .data          0x00000000        0x0 WiMOD/SLIP.o
 .bss           0x00000000        0x0 WiMOD/SLIP.o
 .text.SLIP_StoreRxByte
                0x00000000       0x2a WiMOD/SLIP.o
 .text.SLIP_DecodeData
                0x00000000      0x122 WiMOD/SLIP.o
 .text.SLIP_ProcessRxByte
                0x00000000       0xf2 WiMOD/SLIP.o
 .text          0x00000000        0x0 WiMOD/WiMOD_HCI_Layer_2.o
 .data          0x00000000        0x0 WiMOD/WiMOD_HCI_Layer_2.o
 .bss           0x00000000        0x0 WiMOD/WiMOD_HCI_Layer_2.o
 .text.WiMOD_HCI_ATmega64_Process
                0x00000000       0x20 WiMOD/WiMOD_HCI_Layer_2.o
 .text.WiMOD_HCI_Process
                0x00000000       0x20 WiMOD/WiMOD_HCI_Layer_2.o
 .text          0x00000000        0x0 WiMOD_HCI_Host.o
 .data          0x00000000        0x0 WiMOD_HCI_Host.o
 .bss           0x00000000        0x0 WiMOD_HCI_Host.o
 .data.test_packet
                0x00000000       0x19 WiMOD_HCI_Host.o
 .text          0x00000000        0x0 c:/program files (x86)/atmel/studio/7.0/toolchain/avr8/avr8-gnu-toolchain/bin/../lib/gcc/avr/5.4.0/../../../../avr/lib/avr5\libm.a(cmpsf2.o)
 .data          0x00000000        0x0 c:/program files (x86)/atmel/studio/7.0/toolchain/avr8/avr8-gnu-toolchain/bin/../lib/gcc/avr/5.4.0/../../../../avr/lib/avr5\libm.a(cmpsf2.o)
 .bss           0x00000000        0x0 c:/program files (x86)/atmel/studio/7.0/toolchain/avr8/avr8-gnu-toolchain/bin/../lib/gcc/avr/5.4.0/../../../../avr/lib/avr5\libm.a(cmpsf2.o)
 .text          0x00000000        0x0 c:/program files (x86)/atmel/studio/7.0/toolchain/avr8/avr8-gnu-toolchain/bin/../lib/gcc/avr/5.4.0/../../../../avr/lib/avr5\libm.a(floatsisf.o)
 .data          0x00000000        0x0 c:/program files (x86)/atmel/studio/7.0/toolchain/avr8/avr8-gnu-toolchain/bin/../lib/gcc/avr/5.4.0/../../../../avr/lib/avr5\libm.a(floatsisf.o)
 .bss           0x00000000        0x0 c:/program files (x86)/atmel/studio/7.0/toolchain/avr8/avr8-gnu-toolchain/bin/../lib/gcc/avr/5.4.0/../../../../avr/lib/avr5\libm.a(floatsisf.o)
 .text          0x00000000        0x0 c:/program files (x86)/atmel/studio/7.0/toolchain/avr8/avr8-gnu-toolchain/bin/../lib/gcc/avr/5.4.0/../../../../avr/lib/avr5\libm.a(fp_cmp.o)
 .data          0x00000000        0x0 c:/program files (x86)/atmel/studio/7.0/toolchain/avr8/avr8-gnu-toolchain/bin/../lib/gcc/avr/5.4.0/../../../../avr/lib/avr5\libm.a(fp_cmp.o)
 .bss           0x00000000        0x0 c:/program files (x86)/atmel/studio/7.0/toolchain/avr8/avr8-gnu-toolchain/bin/../lib/gcc/avr/5.4.0/../../../../avr/lib/avr5\libm.a(fp_cmp.o)
 .text          0x00000000        0x0 c:/program files (x86)/atmel/studio/7.0/toolchain/avr8/avr8-gnu-toolchain/bin/../lib/gcc/avr/5.4.0/../../../../avr/lib/avr5\libm.a(gesf2.o)
 .data          0x00000000        0x0 c:/program files (x86)/atmel/studio/7.0/toolchain/avr8/avr8-gnu-toolchain/bin/../lib/gcc/avr/5.4.0/../../../../avr/lib/avr5\libm.a(gesf2.o)
 .bss           0x00000000        0x0 c:/program files (x86)/atmel/studio/7.0/toolchain/avr8/avr8-gnu-toolchain/bin/../lib/gcc/avr/5.4.0/../../../../avr/lib/avr5\libm.a(gesf2.o)
 .text          0x00000000        0x0 c:/program files (x86)/atmel/studio/7.0/toolchain/avr8/avr8-gnu-toolchain/bin/../lib/gcc/avr/5.4.0/avr5\libgcc.a(_udivmodsi4.o)
 .data          0x00000000        0x0 c:/program files (x86)/atmel/studio/7.0/toolchain/avr8/avr8-gnu-toolchain/bin/../lib/gcc/avr/5.4.0/avr5\libgcc.a(_udivmodsi4.o)
 .bss           0x00000000        0x0 c:/program files (x86)/atmel/studio/7.0/toolchain/avr8/avr8-gnu-toolchain/bin/../lib/gcc/avr/5.4.0/avr5\libgcc.a(_udivmodsi4.o)
 .text.libgcc.mul
                0x00000000        0x0 c:/program files (x86)/atmel/studio/7.0/toolchain/avr8/avr8-gnu-toolchain/bin/../lib/gcc/avr/5.4.0/avr5\libgcc.a(_udivmodsi4.o)
 .text.libgcc   0x00000000        0x0 c:/program files (x86)/atmel/studio/7.0/toolchain/avr8/avr8-gnu-toolchain/bin/../lib/gcc/avr/5.4.0/avr5\libgcc.a(_udivmodsi4.o)
 .text.libgcc.prologue
                0x00000000        0x0 c:/program files (x86)/atmel/studio/7.0/toolchain/avr8/avr8-gnu-toolchain/bin/../lib/gcc/avr/5.4.0/avr5\libgcc.a(_udivmodsi4.o)
 .text.libgcc.builtins
                0x00000000        0x0 c:/program files (x86)/atmel/studio/7.0/toolchain/avr8/avr8-gnu-toolchain/bin/../lib/gcc/avr/5.4.0/avr5\libgcc.a(_udivmodsi4.o)
 .text.libgcc.fmul
                0x00000000        0x0 c:/program files (x86)/atmel/studio/7.0/toolchain/avr8/avr8-gnu-toolchain/bin/../lib/gcc/avr/5.4.0/avr5\libgcc.a(_udivmodsi4.o)
 .text.libgcc.fixed
                0x00000000        0x0 c:/program files (x86)/atmel/studio/7.0/toolchain/avr8/avr8-gnu-toolchain/bin/../lib/gcc/avr/5.4.0/avr5\libgcc.a(_udivmodsi4.o)
 .text          0x00000000        0x0 c:/program files (x86)/atmel/studio/7.0/toolchain/avr8/avr8-gnu-toolchain/bin/../lib/gcc/avr/5.4.0/avr5\libgcc.a(_exit.o)
 .data          0x00000000        0x0 c:/program files (x86)/atmel/studio/7.0/toolchain/avr8/avr8-gnu-toolchain/bin/../lib/gcc/avr/5.4.0/avr5\libgcc.a(_exit.o)
 .bss           0x00000000        0x0 c:/program files (x86)/atmel/studio/7.0/toolchain/avr8/avr8-gnu-toolchain/bin/../lib/gcc/avr/5.4.0/avr5\libgcc.a(_exit.o)
 .text.libgcc.mul
                0x00000000        0x0 c:/program files (x86)/atmel/studio/7.0/toolchain/avr8/avr8-gnu-toolchain/bin/../lib/gcc/avr/5.4.0/avr5\libgcc.a(_exit.o)
 .text.libgcc.div
                0x00000000        0x0 c:/program files (x86)/atmel/studio/7.0/toolchain/avr8/avr8-gnu-toolchain/bin/../lib/gcc/avr/5.4.0/avr5\libgcc.a(_exit.o)
 .text.libgcc   0x00000000        0x0 c:/program files (x86)/atmel/studio/7.0/toolchain/avr8/avr8-gnu-toolchain/bin/../lib/gcc/avr/5.4.0/avr5\libgcc.a(_exit.o)
 .text.libgcc.prologue
                0x00000000        0x0 c:/program files (x86)/atmel/studio/7.0/toolchain/avr8/avr8-gnu-toolchain/bin/../lib/gcc/avr/5.4.0/avr5\libgcc.a(_exit.o)
 .text.libgcc.builtins
                0x00000000        0x0 c:/program files (x86)/atmel/studio/7.0/toolchain/avr8/avr8-gnu-toolchain/bin/../lib/gcc/avr/5.4.0/avr5\libgcc.a(_exit.o)
 .text.libgcc.fmul
                0x00000000        0x0 c:/program files (x86)/atmel/studio/7.0/toolchain/avr8/avr8-gnu-toolchain/bin/../lib/gcc/avr/5.4.0/avr5\libgcc.a(_exit.o)
 .text.libgcc.fixed
                0x00000000        0x0 c:/program files (x86)/atmel/studio/7.0/toolchain/avr8/avr8-gnu-toolchain/bin/../lib/gcc/avr/5.4.0/avr5\libgcc.a(_exit.o)
 .text          0x00000000        0x0 c:/program files (x86)/atmel/studio/7.0/toolchain/avr8/avr8-gnu-toolchain/bin/../lib/gcc/avr/5.4.0/avr5\libgcc.a(_copy_data.o)
 .data          0x00000000        0x0 c:/program files (x86)/atmel/studio/7.0/toolchain/avr8/avr8-gnu-toolchain/bin/../lib/gcc/avr/5.4.0/avr5\libgcc.a(_copy_data.o)
 .bss           0x00000000        0x0 c:/program files (x86)/atmel/studio/7.0/toolchain/avr8/avr8-gnu-toolchain/bin/../lib/gcc/avr/5.4.0/avr5\libgcc.a(_copy_data.o)
 .text.libgcc.mul
                0x00000000        0x0 c:/program files (x86)/atmel/studio/7.0/toolchain/avr8/avr8-gnu-toolchain/bin/../lib/gcc/avr/5.4.0/avr5\libgcc.a(_copy_data.o)
 .text.libgcc.div
                0x00000000        0x0 c:/program files (x86)/atmel/studio/7.0/toolchain/avr8/avr8-gnu-toolchain/bin/../lib/gcc/avr/5.4.0/avr5\libgcc.a(_copy_data.o)
 .text.libgcc   0x00000000        0x0 c:/program files (x86)/atmel/studio/7.0/toolchain/avr8/avr8-gnu-toolchain/bin/../lib/gcc/avr/5.4.0/avr5\libgcc.a(_copy_data.o)
 .text.libgcc.prologue
                0x00000000        0x0 c:/program files (x86)/atmel/studio/7.0/toolchain/avr8/avr8-gnu-toolchain/bin/../lib/gcc/avr/5.4.0/avr5\libgcc.a(_copy_data.o)
 .text.libgcc.builtins
                0x00000000        0x0 c:/program files (x86)/atmel/studio/7.0/toolchain/avr8/avr8-gnu-toolchain/bin/../lib/gcc/avr/5.4.0/avr5\libgcc.a(_copy_data.o)
 .text.libgcc.fmul
                0x00000000        0x0 c:/program files (x86)/atmel/studio/7.0/toolchain/avr8/avr8-gnu-toolchain/bin/../lib/gcc/avr/5.4.0/avr5\libgcc.a(_copy_data.o)
 .text.libgcc.fixed
                0x00000000        0x0 c:/program files (x86)/atmel/studio/7.0/toolchain/avr8/avr8-gnu-toolchain/bin/../lib/gcc/avr/5.4.0/avr5\libgcc.a(_copy_data.o)
 .text          0x00000000        0x0 c:/program files (x86)/atmel/studio/7.0/toolchain/avr8/avr8-gnu-toolchain/bin/../lib/gcc/avr/5.4.0/avr5\libgcc.a(_clear_bss.o)
 .data          0x00000000        0x0 c:/program files (x86)/atmel/studio/7.0/toolchain/avr8/avr8-gnu-toolchain/bin/../lib/gcc/avr/5.4.0/avr5\libgcc.a(_clear_bss.o)
 .bss           0x00000000        0x0 c:/program files (x86)/atmel/studio/7.0/toolchain/avr8/avr8-gnu-toolchain/bin/../lib/gcc/avr/5.4.0/avr5\libgcc.a(_clear_bss.o)
 .text.libgcc.mul
                0x00000000        0x0 c:/program files (x86)/atmel/studio/7.0/toolchain/avr8/avr8-gnu-toolchain/bin/../lib/gcc/avr/5.4.0/avr5\libgcc.a(_clear_bss.o)
 .text.libgcc.div
                0x00000000        0x0 c:/program files (x86)/atmel/studio/7.0/toolchain/avr8/avr8-gnu-toolchain/bin/../lib/gcc/avr/5.4.0/avr5\libgcc.a(_clear_bss.o)
 .text.libgcc   0x00000000        0x0 c:/program files (x86)/atmel/studio/7.0/toolchain/avr8/avr8-gnu-toolchain/bin/../lib/gcc/avr/5.4.0/avr5\libgcc.a(_clear_bss.o)
 .text.libgcc.prologue
                0x00000000        0x0 c:/program files (x86)/atmel/studio/7.0/toolchain/avr8/avr8-gnu-toolchain/bin/../lib/gcc/avr/5.4.0/avr5\libgcc.a(_clear_bss.o)
 .text.libgcc.builtins
                0x00000000        0x0 c:/program files (x86)/atmel/studio/7.0/toolchain/avr8/avr8-gnu-toolchain/bin/../lib/gcc/avr/5.4.0/avr5\libgcc.a(_clear_bss.o)
 .text.libgcc.fmul
                0x00000000        0x0 c:/program files (x86)/atmel/studio/7.0/toolchain/avr8/avr8-gnu-toolchain/bin/../lib/gcc/avr/5.4.0/avr5\libgcc.a(_clear_bss.o)
 .text.libgcc.fixed
                0x00000000        0x0 c:/program files (x86)/atmel/studio/7.0/toolchain/avr8/avr8-gnu-toolchain/bin/../lib/gcc/avr/5.4.0/avr5\libgcc.a(_clear_bss.o)
 .text          0x00000000        0x0 c:/program files (x86)/atmel/studio/7.0/toolchain/avr8/avr8-gnu-toolchain/bin/../lib/gcc/avr/5.4.0/avr5\libgcc.a(_umulhisi3.o)
 .data          0x00000000        0x0 c:/program files (x86)/atmel/studio/7.0/toolchain/avr8/avr8-gnu-toolchain/bin/../lib/gcc/avr/5.4.0/avr5\libgcc.a(_umulhisi3.o)
 .bss           0x00000000        0x0 c:/program files (x86)/atmel/studio/7.0/toolchain/avr8/avr8-gnu-toolchain/bin/../lib/gcc/avr/5.4.0/avr5\libgcc.a(_umulhisi3.o)
 .text.libgcc.div
                0x00000000        0x0 c:/program files (x86)/atmel/studio/7.0/toolchain/avr8/avr8-gnu-toolchain/bin/../lib/gcc/avr/5.4.0/avr5\libgcc.a(_umulhisi3.o)
 .text.libgcc   0x00000000        0x0 c:/program files (x86)/atmel/studio/7.0/toolchain/avr8/avr8-gnu-toolchain/bin/../lib/gcc/avr/5.4.0/avr5\libgcc.a(_umulhisi3.o)
 .text.libgcc.prologue
                0x00000000        0x0 c:/program files (x86)/atmel/studio/7.0/toolchain/avr8/avr8-gnu-toolchain/bin/../lib/gcc/avr/5.4.0/avr5\libgcc.a(_umulhisi3.o)
 .text.libgcc.builtins
                0x00000000        0x0 c:/program files (x86)/atmel/studio/7.0/toolchain/avr8/avr8-gnu-toolchain/bin/../lib/gcc/avr/5.4.0/avr5\libgcc.a(_umulhisi3.o)
 .text.libgcc.fmul
                0x00000000        0x0 c:/program files (x86)/atmel/studio/7.0/toolchain/avr8/avr8-gnu-toolchain/bin/../lib/gcc/avr/5.4.0/avr5\libgcc.a(_umulhisi3.o)
 .text.libgcc.fixed
                0x00000000        0x0 c:/program files (x86)/atmel/studio/7.0/toolchain/avr8/avr8-gnu-toolchain/bin/../lib/gcc/avr/5.4.0/avr5\libgcc.a(_umulhisi3.o)
 .text          0x00000000        0x0 c:/program files (x86)/atmel/studio/7.0/toolchain/avr8/avr8-gnu-toolchain/bin/../lib/gcc/avr/5.4.0/../../../../avr/lib/avr5\libc.a(memcpy.o)
 .data          0x00000000        0x0 c:/program files (x86)/atmel/studio/7.0/toolchain/avr8/avr8-gnu-toolchain/bin/../lib/gcc/avr/5.4.0/../../../../avr/lib/avr5\libc.a(memcpy.o)
 .bss           0x00000000        0x0 c:/program files (x86)/atmel/studio/7.0/toolchain/avr8/avr8-gnu-toolchain/bin/../lib/gcc/avr/5.4.0/../../../../avr/lib/avr5\libc.a(memcpy.o)

Memory Configuration

Name             Origin             Length             Attributes
text             0x00000000         0x00020000         xr
data             0x00800060         0x0000ffa0         rw !x
eeprom           0x00810000         0x00010000         rw !x
fuse             0x00820000         0x00000003         rw !x
lock             0x00830000         0x00000400         rw !x
signature        0x00840000         0x00000400         rw !x
user_signatures  0x00850000         0x00000400         rw !x
*default*        0x00000000         0xffffffff

Linker script and memory map

Address of section .data set to 0x800100
LOAD C:/Program Files (x86)/Atmel/Studio/7.0/Packs/atmel/ATmega_DFP/1.3.300/gcc/dev/atmega64/avr5/crtatmega64.o
LOAD main.o
LOAD modbus/ascii/mbascii.o
LOAD modbus/functions/mbfunccoils.o
LOAD modbus/functions/mbfuncdiag.o
LOAD modbus/functions/mbfuncdisc.o
LOAD modbus/functions/mbfuncholding.o
LOAD modbus/functions/mbfuncinput.o
LOAD modbus/functions/mbfuncother.o
LOAD modbus/functions/mbutils.o
LOAD modbus/mb.o
LOAD modbus/port_AVR/demo.o
LOAD modbus/port_AVR/mbcrc.o
LOAD modbus/port_AVR/portevent.o
LOAD modbus/port_AVR/portserial.o
LOAD modbus/port_AVR/porttimer.o
LOAD modbus/rtu/mbrtu.o
LOAD modbus/tcp/mbtcp.o
LOAD ringbuffer.o
LOAD SPI.o
LOAD UART/UART0.o
LOAD UART/UART1.o
LOAD WiMOD/CRC16.o
LOAD WiMOD/SLIP.o
LOAD WiMOD/WiMOD_HCI_Layer_2.o
LOAD WiMOD_HCI_Host.o
START GROUP
LOAD c:/program files (x86)/atmel/studio/7.0/toolchain/avr8/avr8-gnu-toolchain/bin/../lib/gcc/avr/5.4.0/../../../../avr/lib/avr5\libm.a
END GROUP
START GROUP
LOAD c:/program files (x86)/atmel/studio/7.0/toolchain/avr8/avr8-gnu-toolchain/bin/../lib/gcc/avr/5.4.0/avr5\libgcc.a
LOAD c:/program files (x86)/atmel/studio/7.0/toolchain/avr8/avr8-gnu-toolchain/bin/../lib/gcc/avr/5.4.0/../../../../avr/lib/avr5\libm.a
LOAD c:/program files (x86)/atmel/studio/7.0/toolchain/avr8/avr8-gnu-toolchain/bin/../lib/gcc/avr/5.4.0/../../../../avr/lib/avr5\libc.a
LOAD C:/Program Files (x86)/Atmel/Studio/7.0/Packs/atmel/ATmega_DFP/1.3.300/gcc/dev/atmega64/avr5\libatmega64.a
END GROUP
                0x00000000                __TEXT_REGION_ORIGIN__ = DEFINED (__TEXT_REGION_ORIGIN__)?__TEXT_REGION_ORIGIN__:0x0
                0x00800060                __DATA_REGION_ORIGIN__ = DEFINED (__DATA_REGION_ORIGIN__)?__DATA_REGION_ORIGIN__:0x800060
                0x00020000                __TEXT_REGION_LENGTH__ = DEFINED (__TEXT_REGION_LENGTH__)?__TEXT_REGION_LENGTH__:0x20000
                0x0000ffa0                __DATA_REGION_LENGTH__ = DEFINED (__DATA_REGION_LENGTH__)?__DATA_REGION_LENGTH__:0xffa0
                0x00010000                __EEPROM_REGION_LENGTH__ = DEFINED (__EEPROM_REGION_LENGTH__)?__EEPROM_REGION_LENGTH__:0x10000
                [0x00000003]                __FUSE_REGION_LENGTH__ = DEFINED (__FUSE_REGION_LENGTH__)?__FUSE_REGION_LENGTH__:0x400
                0x00000400                __LOCK_REGION_LENGTH__ = DEFINED (__LOCK_REGION_LENGTH__)?__LOCK_REGION_LENGTH__:0x400
                0x00000400                __SIGNATURE_REGION_LENGTH__ = DEFINED (__SIGNATURE_REGION_LENGTH__)?__SIGNATURE_REGION_LENGTH__:0x400
                0x00000400                __USER_SIGNATURE_REGION_LENGTH__ = DEFINED (__USER_SIGNATURE_REGION_LENGTH__)?__USER_SIGNATURE_REGION_LENGTH__:0x400

.hash
 *(.hash)

.dynsym
 *(.dynsym)

.dynstr
 *(.dynstr)

.gnu.version
 *(.gnu.version)

.gnu.version_d
 *(.gnu.version_d)

.gnu.version_r
 *(.gnu.version_r)

.rel.init
 *(.rel.init)

.rela.init
 *(.rela.init)

.rel.text
 *(.rel.text)
 *(.rel.text.*)
 *(.rel.gnu.linkonce.t*)

.rela.text
 *(.rela.text)
 *(.rela.text.*)
 *(.rela.gnu.linkonce.t*)

.rel.fini
 *(.rel.fini)

.rela.fini
 *(.rela.fini)

.rel.rodata
 *(.rel.rodata)
 *(.rel.rodata.*)
 *(.rel.gnu.linkonce.r*)

.rela.rodata
 *(.rela.rodata)
 *(.rela.rodata.*)
 *(.rela.gnu.linkonce.r*)

.rel.data
 *(.rel.data)
 *(.rel.data.*)
 *(.rel.gnu.linkonce.d*)

.rela.data
 *(.rela.data)
 *(.rela.data.*)
 *(.rela.gnu.linkonce.d*)

.rel.ctors
 *(.rel.ctors)

.rela.ctors
 *(.rela.ctors)

.rel.dtors
 *(.rel.dtors)

.rela.dtors
 *(.rela.dtors)

.rel.got
 *(.rel.got)

.rela.got
 *(.rela.got)

.rel.bss
 *(.rel.bss)

.rela.bss
 *(.rela.bss)

.rel.plt
 *(.rel.plt)

.rela.plt
 *(.rela.plt)

.text           0x00000000     0x23e0
 *(.vectors)
 .vectors       0x00000000       0x8c C:/Program Files (x86)/Atmel/Studio/7.0/Packs/atmel/ATmega_DFP/1.3.300/gcc/dev/atmega64/avr5/crtatmega64.o
                0x00000000                __vector_default
                0x00000000                __vectors
 *(.vectors)
 *(.progmem.gcc*)
                0x0000008c                . = ALIGN (0x2)
                0x0000008c                __trampolines_start = .
 *(.trampolines)
 .trampolines   0x0000008c        0x0 linker stubs
 *(.trampolines*)
                0x0000008c                __trampolines_end = .
 *libprintf_flt.a:*(.progmem.data)
 *libc.a:*(.progmem.data)
 *(.progmem*)
 .progmem.data.aucCRCLo
                0x0000008c      0x100 modbus/port_AVR/mbcrc.o
 .progmem.data.aucCRCHi
                0x0000018c      0x100 modbus/port_AVR/mbcrc.o
                0x0000028c                . = ALIGN (0x2)
 *(.jumptables)
 *(.jumptables*)
 *(.lowtext)
 *(.lowtext*)
                0x0000028c                __ctors_start = .
 *(.ctors)
                0x0000028c                __ctors_end = .
                0x0000028c                __dtors_start = .
 *(.dtors)
                0x0000028c                __dtors_end = .
 SORT(*)(.ctors)
 SORT(*)(.dtors)
 *(.init0)
 .init0         0x0000028c        0x0 C:/Program Files (x86)/Atmel/Studio/7.0/Packs/atmel/ATmega_DFP/1.3.300/gcc/dev/atmega64/avr5/crtatmega64.o
                0x0000028c                __init
 *(.init0)
 *(.init1)
 *(.init1)
 *(.init2)
 .init2         0x0000028c        0xc C:/Program Files (x86)/Atmel/Studio/7.0/Packs/atmel/ATmega_DFP/1.3.300/gcc/dev/atmega64/avr5/crtatmega64.o
 *(.init2)
 *(.init3)
 *(.init3)
 *(.init4)
 .init4         0x00000298       0x16 c:/program files (x86)/atmel/studio/7.0/toolchain/avr8/avr8-gnu-toolchain/bin/../lib/gcc/avr/5.4.0/avr5\libgcc.a(_copy_data.o)
                0x00000298                __do_copy_data
 .init4         0x000002ae       0x10 c:/program files (x86)/atmel/studio/7.0/toolchain/avr8/avr8-gnu-toolchain/bin/../lib/gcc/avr/5.4.0/avr5\libgcc.a(_clear_bss.o)
                0x000002ae                __do_clear_bss
 *(.init4)
 *(.init5)
 *(.init5)
 *(.init6)
 *(.init6)
 *(.init7)
 *(.init7)
 *(.init8)
 *(.init8)
 *(.init9)
 .init9         0x000002be        0x8 C:/Program Files (x86)/Atmel/Studio/7.0/Packs/atmel/ATmega_DFP/1.3.300/gcc/dev/atmega64/avr5/crtatmega64.o
 *(.init9)
 *(.text)
 .text          0x000002c6        0x4 C:/Program Files (x86)/Atmel/Studio/7.0/Packs/atmel/ATmega_DFP/1.3.300/gcc/dev/atmega64/avr5/crtatmega64.o
                0x000002c6                __vector_22
                0x000002c6                __vector_28
                0x000002c6                __vector_1
                0x000002c6                __vector_32
                0x000002c6                __vector_34
                0x000002c6                __vector_24
                0x000002c6                __bad_interrupt
                0x000002c6                __vector_6
                0x000002c6                __vector_31
                0x000002c6                __vector_3
                0x000002c6                __vector_23
                0x000002c6                __vector_25
                0x000002c6                __vector_11
                0x000002c6                __vector_13
                0x000002c6                __vector_17
                0x000002c6                __vector_7
                0x000002c6                __vector_27
                0x000002c6                __vector_5
                0x000002c6                __vector_33
                0x000002c6                __vector_4
                0x000002c6                __vector_9
                0x000002c6                __vector_2
                0x000002c6                __vector_21
                0x000002c6                __vector_15
                0x000002c6                __vector_29
                0x000002c6                __vector_8
                0x000002c6                __vector_26
                0x000002c6                __vector_14
                0x000002c6                __vector_10
                0x000002c6                __vector_20
                0x000002ca                . = ALIGN (0x2)
 *(.text.*)
 .text.fetch_adc_values
                0x000002ca       0x6e main.o
                0x000002ca                fetch_adc_values
 .text.get_volts_next_bat
                0x00000338       0x7e main.o
                0x00000338                get_volts_next_bat
 .text.assert_bats_ok
                0x000003b6       0xf4 main.o
                0x000003b6                assert_bats_ok
 .text.stop_chargng_bat
                0x000004aa       0x36 main.o
                0x000004aa                stop_chargng_bat
 .text.manage_2_BAT
                0x000004e0      0x19c main.o
                0x000004e0                manage_2_BAT
 .text.manage_3_BAT
                0x0000067c      0x20c main.o
                0x0000067c                manage_3_BAT
 .text.manage_4_BAT
                0x00000888      0x222 main.o
                0x00000888                manage_4_BAT
 .text.energy_management
                0x00000aaa       0x2e main.o
                0x00000aaa                energy_management
 .text.manual_set_active
                0x00000ad8       0x90 main.o
                0x00000ad8                manual_set_active
 .text.manual_set_chrgng
                0x00000b68       0x96 main.o
                0x00000b68                manual_set_chrgng
 .text.mode_settings_init
                0x00000bfe       0x68 main.o
                0x00000bfe                mode_settings_init
 .text.timer_init
                0x00000c66       0x18 main.o
                0x00000c66                timer_init
 .text.ctrl_pin_init
                0x00000c7e        0xc main.o
                0x00000c7e                ctrl_pin_init
 .text.config_lora_module
                0x00000c8a       0x8a main.o
                0x00000c8a                config_lora_module
 .text.init_all
                0x00000d14       0x74 main.o
                0x00000d14                init_all
 .text.main     0x00000d88       0xb4 main.o
                0x00000d88                main
 .text.eMBRegInputCB
                0x00000e3c       0x5e main.o
                0x00000e3c                eMBRegInputCB
 .text.eMBRegHoldingCB
                0x00000e9a       0xd6 main.o
                0x00000e9a                eMBRegHoldingCB
 .text.eMBRegDiscreteCB
                0x00000f70        0x4 main.o
                0x00000f70                eMBRegDiscreteCB
 .text.eMBRegCoilsCB
                0x00000f74        0x4 main.o
                0x00000f74                eMBRegCoilsCB
 .text.__vector_16
                0x00000f78       0x38 main.o
                0x00000f78                __vector_16
 .text.__vector_30
                0x00000fb0       0x4c main.o
                0x00000fb0                __vector_30
 .text.eMBFuncReadCoils
                0x00000ffc       0xd0 modbus/functions/mbfunccoils.o
                0x00000ffc                eMBFuncReadCoils
 .text.eMBFuncWriteCoil
                0x000010cc       0x72 modbus/functions/mbfunccoils.o
                0x000010cc                eMBFuncWriteCoil
 .text.eMBFuncWriteMultipleCoils
                0x0000113e       0x9a modbus/functions/mbfunccoils.o
                0x0000113e                eMBFuncWriteMultipleCoils
 .text.eMBFuncReadDiscreteInputs
                0x000011d8       0xce modbus/functions/mbfuncdisc.o
                0x000011d8                eMBFuncReadDiscreteInputs
 .text.eMBFuncWriteHoldingRegister
                0x000012a6       0x3c modbus/functions/mbfuncholding.o
                0x000012a6                eMBFuncWriteHoldingRegister
 .text.eMBFuncWriteMultipleHoldingRegister
                0x000012e2       0x74 modbus/functions/mbfuncholding.o
                0x000012e2                eMBFuncWriteMultipleHoldingRegister
 .text.eMBFuncReadHoldingRegister
                0x00001356       0x90 modbus/functions/mbfuncholding.o
                0x00001356                eMBFuncReadHoldingRegister
 .text.eMBFuncReadWriteMultipleHoldingRegister
                0x000013e6      0x110 modbus/functions/mbfuncholding.o
                0x000013e6                eMBFuncReadWriteMultipleHoldingRegister
 .text.eMBFuncReadInputRegister
                0x000014f6       0x96 modbus/functions/mbfuncinput.o
                0x000014f6                eMBFuncReadInputRegister
 .text.eMBSetSlaveID
                0x0000158c       0x56 modbus/functions/mbfuncother.o
                0x0000158c                eMBSetSlaveID
 .text.eMBFuncReportSlaveID
                0x000015e2       0x32 modbus/functions/mbfuncother.o
                0x000015e2                eMBFuncReportSlaveID
 .text.prveMBError2Exception
                0x00001614       0x1c modbus/functions/mbutils.o
                0x00001614                prveMBError2Exception
 .text.eMBInit  0x00001630       0xc6 modbus/mb.o
                0x00001630                eMBInit
 .text.eMBEnable
                0x000016f6       0x1e modbus/mb.o
                0x000016f6                eMBEnable
 .text.eMBPoll  0x00001714      0x168 modbus/mb.o
                0x00001714                eMBPoll
 .text.usMBCRC16
                0x0000187c       0x40 modbus/port_AVR/mbcrc.o
                0x0000187c                usMBCRC16
 .text.xMBPortEventInit
                0x000018bc        0x8 modbus/port_AVR/portevent.o
                0x000018bc                xMBPortEventInit
 .text.xMBPortEventPost
                0x000018c4        0xe modbus/port_AVR/portevent.o
                0x000018c4                xMBPortEventPost
 .text.xMBPortEventGet
                0x000018d2       0x1c modbus/port_AVR/portevent.o
                0x000018d2                xMBPortEventGet
 .text.vMBPortSerialEnable
                0x000018ee       0x24 modbus/port_AVR/portserial.o
                0x000018ee                vMBPortSerialEnable
 .text.xMBPortSerialInit
                0x00001912       0x44 modbus/port_AVR/portserial.o
                0x00001912                xMBPortSerialInit
 .text.xMBPortSerialPutByte
                0x00001956        0x6 modbus/port_AVR/portserial.o
                0x00001956                xMBPortSerialPutByte
 .text.xMBPortSerialGetByte
                0x0000195c        0xa modbus/port_AVR/portserial.o
                0x0000195c                xMBPortSerialGetByte
 .text.__vector_19
                0x00001966       0x4e modbus/port_AVR/portserial.o
                0x00001966                __vector_19
 .text.__vector_18
                0x000019b4       0x4e modbus/port_AVR/portserial.o
                0x000019b4                __vector_18
 .text.xMBPortTimersInit
                0x00001a02       0x3c modbus/port_AVR/porttimer.o
                0x00001a02                xMBPortTimersInit
 .text.vMBPortTimersEnable
                0x00001a3e       0x2a modbus/port_AVR/porttimer.o
                0x00001a3e                vMBPortTimersEnable
 .text.vMBPortTimersDisable
                0x00001a68       0x14 modbus/port_AVR/porttimer.o
                0x00001a68                vMBPortTimersDisable
 .text.__vector_12
                0x00001a7c       0x4e modbus/port_AVR/porttimer.o
                0x00001a7c                __vector_12
 .text.eMBRTUInit
                0x00001aca       0x74 modbus/rtu/mbrtu.o
                0x00001aca                eMBRTUInit
 .text.eMBRTUStart
                0x00001b3e       0x16 modbus/rtu/mbrtu.o
                0x00001b3e                eMBRTUStart
 .text.eMBRTUStop
                0x00001b54       0x12 modbus/rtu/mbrtu.o
                0x00001b54                eMBRTUStop
 .text.eMBRTUReceive
                0x00001b66       0x70 modbus/rtu/mbrtu.o
                0x00001b66                eMBRTUReceive
 .text.eMBRTUSend
                0x00001bd6       0xa0 modbus/rtu/mbrtu.o
                0x00001bd6                eMBRTUSend
 .text.xMBRTUReceiveFSM
                0x00001c76       0xac modbus/rtu/mbrtu.o
                0x00001c76                xMBRTUReceiveFSM
 .text.xMBRTUTransmitFSM
                0x00001d22       0x7c modbus/rtu/mbrtu.o
                0x00001d22                xMBRTUTransmitFSM
 .text.xMBRTUTimerT35Expired
                0x00001d9e       0x36 modbus/rtu/mbrtu.o
                0x00001d9e                xMBRTUTimerT35Expired
 .text.BufferIn
                0x00001dd4       0x30 ringbuffer.o
                0x00001dd4                BufferIn
 .text.spi_init
                0x00001e04       0x16 SPI.o
                0x00001e04                spi_init
 .text.spi_rx16_adc_portc
                0x00001e1a       0x38 SPI.o
                0x00001e1a                spi_rx16_adc_portc
 .text.spi_rx16_adc_portb
                0x00001e52       0x38 SPI.o
                0x00001e52                spi_rx16_adc_portb
 .text.uart0_tx_byte
                0x00001e8a        0xc UART/UART0.o
                0x00001e8a                uart0_tx_byte
 .text.uart0_tx_packet
                0x00001e96       0x2e UART/UART0.o
                0x00001e96                uart0_tx_packet
 .text.uart1_init
                0x00001ec4       0x1c UART/UART1.o
                0x00001ec4                uart1_init
 .text.uart1_tx_byte
                0x00001ee0       0x14 UART/UART1.o
                0x00001ee0                uart1_tx_byte
 .text.uart1_tx_packet
                0x00001ef4       0x42 UART/UART1.o
                0x00001ef4                uart1_tx_packet
 .text.CRC16_Calc
                0x00001f36       0x32 WiMOD/CRC16.o
                0x00001f36                CRC16_Calc
 .text.CRC16_Check
                0x00001f68       0x12 WiMOD/CRC16.o
                0x00001f68                CRC16_Check
 .text.SLIP_StoreTxByte
                0x00001f7a       0x2a WiMOD/SLIP.o
 .text.SLIP_Init
                0x00001fa4       0x26 WiMOD/SLIP.o
                0x00001fa4                SLIP_Init
 .text.SLIP_SetRxBuffer
                0x00001fca       0x36 WiMOD/SLIP.o
                0x00001fca                SLIP_SetRxBuffer
 .text.SLIP_EncodeData
                0x00002000       0x82 WiMOD/SLIP.o
                0x00002000                SLIP_EncodeData
 .text.WiMOD_HCI_ProcessRxMessage
                0x00002082       0x84 WiMOD/WiMOD_HCI_Layer_2.o
 .text.WiMOD_HCI_Init
                0x00002106       0x34 WiMOD/WiMOD_HCI_Layer_2.o
                0x00002106                WiMOD_HCI_Init
 .text.WiMOD_HCI_SendMessage
                0x0000213a       0x7a WiMOD/WiMOD_HCI_Layer_2.o
                0x0000213a                WiMOD_HCI_SendMessage
 .text.send_system_info_radio
                0x000021b4       0x6a WiMOD_HCI_Host.o
                0x000021b4                send_system_info_radio
 .text.wimod_rx_callback
                0x0000221e       0x74 WiMOD_HCI_Host.o
                0x0000221e                wimod_rx_callback
 .text.avr-libc.fplib
                0x00002292        0xa c:/program files (x86)/atmel/studio/7.0/toolchain/avr8/avr8-gnu-toolchain/bin/../lib/gcc/avr/5.4.0/../../../../avr/lib/avr5\libm.a(cmpsf2.o)
                0x00002292                __nesf2
                0x00002292                __eqsf2
                0x00002292                __cmpsf2
                0x00002292                __ltsf2
                0x00002292                __lesf2
 .text.avr-libc.fplib
                0x0000229c       0x7a c:/program files (x86)/atmel/studio/7.0/toolchain/avr8/avr8-gnu-toolchain/bin/../lib/gcc/avr/5.4.0/../../../../avr/lib/avr5\libm.a(floatsisf.o)
                0x0000229c                __floatunsisf
                0x000022a0                __floatsisf
 .text.avr-libc.fplib
                0x00002316       0x48 c:/program files (x86)/atmel/studio/7.0/toolchain/avr8/avr8-gnu-toolchain/bin/../lib/gcc/avr/5.4.0/../../../../avr/lib/avr5\libm.a(fp_cmp.o)
                0x00002316                __fp_cmp
 .text.avr-libc.fplib
                0x0000235e        0xa c:/program files (x86)/atmel/studio/7.0/toolchain/avr8/avr8-gnu-toolchain/bin/../lib/gcc/avr/5.4.0/../../../../avr/lib/avr5\libm.a(gesf2.o)
                0x0000235e                __gesf2
                0x0000235e                __gtsf2
 .text.libgcc.div
                0x00002368       0x44 c:/program files (x86)/atmel/studio/7.0/toolchain/avr8/avr8-gnu-toolchain/bin/../lib/gcc/avr/5.4.0/avr5\libgcc.a(_udivmodsi4.o)
                0x00002368                __udivmodsi4
 .text.libgcc.mul
                0x000023ac       0x1e c:/program files (x86)/atmel/studio/7.0/toolchain/avr8/avr8-gnu-toolchain/bin/../lib/gcc/avr/5.4.0/avr5\libgcc.a(_umulhisi3.o)
                0x000023ac                __umulhisi3
 .text.avr-libc
                0x000023ca       0x12 c:/program files (x86)/atmel/studio/7.0/toolchain/avr8/avr8-gnu-toolchain/bin/../lib/gcc/avr/5.4.0/../../../../avr/lib/avr5\libc.a(memcpy.o)
                0x000023ca                memcpy
                0x000023dc                . = ALIGN (0x2)
 *(.fini9)
 .fini9         0x000023dc        0x0 c:/program files (x86)/atmel/studio/7.0/toolchain/avr8/avr8-gnu-toolchain/bin/../lib/gcc/avr/5.4.0/avr5\libgcc.a(_exit.o)
                0x000023dc                _exit
                0x000023dc                exit
 *(.fini9)
 *(.fini8)
 *(.fini8)
 *(.fini7)
 *(.fini7)
 *(.fini6)
 *(.fini6)
 *(.fini5)
 *(.fini5)
 *(.fini4)
 *(.fini4)
 *(.fini3)
 *(.fini3)
 *(.fini2)
 *(.fini2)
 *(.fini1)
 *(.fini1)
 *(.fini0)
 .fini0         0x000023dc        0x4 c:/program files (x86)/atmel/studio/7.0/toolchain/avr8/avr8-gnu-toolchain/bin/../lib/gcc/avr/5.4.0/avr5\libgcc.a(_exit.o)
 *(.fini0)
                0x000023e0                _etext = .

.data           0x00800100      0x250 load address 0x000023e0
                0x00800100                PROVIDE (__data_start, .)
 *(.data)
 *(.data*)
 .data.EMERGENCY_STOP
                0x00800100        0x2 main.o
                0x00800100                EMERGENCY_STOP
 .data.CHRG_CYCLE
                0x00800102        0x2 main.o
                0x00800102                CHRG_CYCLE
 .data.NEW_SETTINGS
                0x00800104        0x2 main.o
                0x00800104                NEW_SETTINGS
 .data.WIRELESS_MODE
                0x00800106        0x2 main.o
                0x00800106                WIRELESS_MODE
 .data.next_bat_chrgng
                0x00800108        0x2 main.o
                0x00800108                next_bat_chrgng
 .data.next_bat_active
                0x0080010a        0x2 main.o
                0x0080010a                next_bat_active
 .data.NUM_BATS
                0x0080010c        0x2 main.o
                0x0080010c                NUM_BATS
 .data.MANUAL_MODE
                0x0080010e        0x2 main.o
                0x0080010e                MANUAL_MODE
 .data.bat_chrgng
                0x00800110        0x2 main.o
                0x00800110                bat_chrgng
 .data.bat_active
                0x00800112        0x2 main.o
                0x00800112                bat_active
 .data.xFuncHandlers
                0x00800114       0x30 modbus/mb.o
 .data.eMBState
                0x00800144        0x1 modbus/mb.o
 .data.SLIP_END
                0x00800145        0x1 WiMOD_HCI_Host.o
                0x00800145                SLIP_END
 *(.gnu.linkonce.d*)
 *(.rodata)
 *(.rodata*)
 .rodata.str1.1
                0x00800146        0x6 main.o
 .rodata.ucSlaveID
                0x0080014c        0x3 main.o
                0x0080014c                ucSlaveID
 .rodata.CRC16_Table
                0x0080014f      0x200 WiMOD/CRC16.o
                0x0080014f                CRC16_Table
 *(.gnu.linkonce.r*)
                0x00800350                . = ALIGN (0x2)
 *fill*         0x0080034f        0x1 
                0x00800350                _edata = .
                0x00800350                PROVIDE (__data_end, .)

.bss            0x00800350      0x5a7
                0x00800350                PROVIDE (__bss_start, .)
 *(.bss)
 *(.bss*)
 .bss.usRegHoldingBuf
                0x00800350       0x12 main.o
 .bss.usRegInputBuf
                0x00800362       0x14 main.o
 .bss.usMBSlaveIDLen
                0x00800376        0x2 modbus/functions/mbfuncother.o
 .bss.ucMBSlaveID
                0x00800378       0x20 modbus/functions/mbfuncother.o
 .bss.eException.2176
                0x00800398        0x1 modbus/mb.o
 .bss.ucFunctionCode.2174
                0x00800399        0x1 modbus/mb.o
 .bss.usLength.2175
                0x0080039a        0x2 modbus/mb.o
 .bss.ucMBFrame.2172
                0x0080039c        0x2 modbus/mb.o
 .bss.ucRcvAddress.2173
                0x0080039e        0x1 modbus/mb.o
 .bss.pvMBFrameCloseCur
                0x0080039f        0x2 modbus/mb.o
 .bss.peMBFrameReceiveCur
                0x008003a1        0x2 modbus/mb.o
 .bss.pvMBFrameStopCur
                0x008003a3        0x2 modbus/mb.o
 .bss.pvMBFrameStartCur
                0x008003a5        0x2 modbus/mb.o
 .bss.peMBFrameSendCur
                0x008003a7        0x2 modbus/mb.o
 .bss.ucMBAddress
                0x008003a9        0x1 modbus/mb.o
 .bss.xEventInQueue
                0x008003aa        0x1 modbus/port_AVR/portevent.o
 .bss.eQueuedEvent
                0x008003ab        0x1 modbus/port_AVR/portevent.o
 .bss.usTimerOCRADelta
                0x008003ac        0x2 modbus/port_AVR/porttimer.o
 .bss.usRcvBufferPos
                0x008003ae        0x2 modbus/rtu/mbrtu.o
 .bss.usSndBufferCount
                0x008003b0        0x2 modbus/rtu/mbrtu.o
 .bss.pucSndBufferCur
                0x008003b2        0x2 modbus/rtu/mbrtu.o
 .bss.eRcvState
                0x008003b4        0x1 modbus/rtu/mbrtu.o
 .bss.eSndState
                0x008003b5        0x1 modbus/rtu/mbrtu.o
 .bss.buffer    0x008003b6       0x83 ringbuffer.o
                0x008003b6                buffer
 .bss.SLIP      0x00800439       0x10 WiMOD/SLIP.o
 .bss.TxBuffer  0x00800449      0x266 WiMOD/WiMOD_HCI_Layer_2.o
 .bss.HCI       0x008006af        0x8 WiMOD/WiMOD_HCI_Layer_2.o
 *(COMMON)
 COMMON         0x008006b7      0x136 main.o
                0x008006b7                eStatus
                0x008006b8                adc_timer_ovf_cnt
                0x008006b9                wimod_timer_ovf_cnt
                0x008006bb                rxMessage
 COMMON         0x008007ed        0xa modbus/mb.o
                0x008007ed                pxMBFrameCBTransmitterEmpty
                0x008007ef                pxMBPortCBTimerExpired
                0x008007f1                pxMBFrameCBByteReceived
                0x008007f3                pxMBFrameCBTransmitFSMCur
                0x008007f5                pxMBFrameCBReceiveFSMCur
 COMMON         0x008007f7      0x100 modbus/rtu/mbrtu.o
                0x008007f7                ucRTUBuf
                0x008008f7                PROVIDE (__bss_end, .)
                0x000023e0                __data_load_start = LOADADDR (.data)
                0x00002630                __data_load_end = (__data_load_start + SIZEOF (.data))

.noinit         0x008008f7        0x0
                [!provide]                PROVIDE (__noinit_start, .)
 *(.noinit*)
                [!provide]                PROVIDE (__noinit_end, .)
                0x008008f7                _end = .
                [!provide]                PROVIDE (__heap_start, .)

.eeprom         0x00810000        0x0
 *(.eeprom*)
                0x00810000                __eeprom_end = .

.fuse
 *(.fuse)
 *(.lfuse)
 *(.hfuse)
 *(.efuse)

.lock
 *(.lock*)

.signature
 *(.signature*)

.user_signatures
 *(.user_signatures*)

.stab
 *(.stab)

.stabstr
 *(.stabstr)

.stab.excl
 *(.stab.excl)

.stab.exclstr
 *(.stab.exclstr)

.stab.index
 *(.stab.index)

.stab.indexstr
 *(.stab.indexstr)

.comment        0x00000000       0x30
 *(.comment)
 .comment       0x00000000       0x30 main.o
                                 0x31 (size before relaxing)
 .comment       0x00000030       0x31 modbus/functions/mbfunccoils.o
 .comment       0x00000030       0x31 modbus/functions/mbfuncdisc.o
 .comment       0x00000030       0x31 modbus/functions/mbfuncholding.o
 .comment       0x00000030       0x31 modbus/functions/mbfuncinput.o
 .comment       0x00000030       0x31 modbus/functions/mbfuncother.o
 .comment       0x00000030       0x31 modbus/functions/mbutils.o
 .comment       0x00000030       0x31 modbus/mb.o
 .comment       0x00000030       0x31 modbus/port_AVR/mbcrc.o
 .comment       0x00000030       0x31 modbus/port_AVR/portevent.o
 .comment       0x00000030       0x31 modbus/port_AVR/portserial.o
 .comment       0x00000030       0x31 modbus/port_AVR/porttimer.o
 .comment       0x00000030       0x31 modbus/rtu/mbrtu.o
 .comment       0x00000030       0x31 ringbuffer.o
 .comment       0x00000030       0x31 SPI.o
 .comment       0x00000030       0x31 UART/UART0.o
 .comment       0x00000030       0x31 UART/UART1.o
 .comment       0x00000030       0x31 WiMOD/CRC16.o
 .comment       0x00000030       0x31 WiMOD/SLIP.o
 .comment       0x00000030       0x31 WiMOD/WiMOD_HCI_Layer_2.o
 .comment       0x00000030       0x31 WiMOD_HCI_Host.o

.note.gnu.avr.deviceinfo
                0x00000000       0x3c
 .note.gnu.avr.deviceinfo
                0x00000000       0x3c C:/Program Files (x86)/Atmel/Studio/7.0/Packs/atmel/ATmega_DFP/1.3.300/gcc/dev/atmega64/avr5/crtatmega64.o

.note.gnu.build-id
 *(.note.gnu.build-id)

.debug
 *(.debug)

.line
 *(.line)

.debug_srcinfo
 *(.debug_srcinfo)

.debug_sfnames
 *(.debug_sfnames)

.debug_aranges  0x00000000      0x530
 *(.debug_aranges)
 .debug_aranges
                0x00000000       0xf0 main.o
 .debug_aranges
                0x000000f0       0x30 modbus/functions/mbfunccoils.o
 .debug_aranges
                0x00000120       0x20 modbus/functions/mbfuncdisc.o
 .debug_aranges
                0x00000140       0x38 modbus/functions/mbfuncholding.o
 .debug_aranges
                0x00000178       0x20 modbus/functions/mbfuncinput.o
 .debug_aranges
                0x00000198       0x28 modbus/functions/mbfuncother.o
 .debug_aranges
                0x000001c0       0x30 modbus/functions/mbutils.o
 .debug_aranges
                0x000001f0       0x48 modbus/mb.o
 .debug_aranges
                0x00000238       0x20 modbus/port_AVR/mbcrc.o
 .debug_aranges
                0x00000258       0x30 modbus/port_AVR/portevent.o
 .debug_aranges
                0x00000288       0x48 modbus/port_AVR/portserial.o
 .debug_aranges
                0x000002d0       0x38 modbus/port_AVR/porttimer.o
 .debug_aranges
                0x00000308       0x58 modbus/rtu/mbrtu.o
 .debug_aranges
                0x00000360       0x30 ringbuffer.o
 .debug_aranges
                0x00000390       0x30 SPI.o
 .debug_aranges
                0x000003c0       0x48 UART/UART0.o
 .debug_aranges
                0x00000408       0x48 UART/UART1.o
 .debug_aranges
                0x00000450       0x28 WiMOD/CRC16.o
 .debug_aranges
                0x00000478       0x50 WiMOD/SLIP.o
 .debug_aranges
                0x000004c8       0x40 WiMOD/WiMOD_HCI_Layer_2.o
 .debug_aranges
                0x00000508       0x28 WiMOD_HCI_Host.o

.debug_pubnames
 *(.debug_pubnames)

.debug_info     0x00000000     0x4e5f
 *(.debug_info .gnu.linkonce.wi.*)
 .debug_info    0x00000000      0x780 C:/Program Files (x86)/Atmel/Studio/7.0/Packs/atmel/ATmega_DFP/1.3.300/gcc/dev/atmega64/avr5/crtatmega64.o
 .debug_info    0x00000780      0xe2a main.o
 .debug_info    0x000015aa      0x3ab modbus/functions/mbfunccoils.o
 .debug_info    0x00001955      0x20c modbus/functions/mbfuncdisc.o
 .debug_info    0x00001b61      0x47d modbus/functions/mbfuncholding.o
 .debug_info    0x00001fde      0x208 modbus/functions/mbfuncinput.o
 .debug_info    0x000021e6      0x2a1 modbus/functions/mbfuncother.o
 .debug_info    0x00002487      0x296 modbus/functions/mbutils.o
 .debug_info    0x0000271d      0x6d4 modbus/mb.o
 .debug_info    0x00002df1      0x1af modbus/port_AVR/mbcrc.o
 .debug_info    0x00002fa0      0x15f modbus/port_AVR/portevent.o
 .debug_info    0x000030ff      0x23f modbus/port_AVR/portserial.o
 .debug_info    0x0000333e      0x15d modbus/port_AVR/porttimer.o
 .debug_info    0x0000349b      0x65c modbus/rtu/mbrtu.o
 .debug_info    0x00003af7      0x167 ringbuffer.o
 .debug_info    0x00003c5e      0x101 SPI.o
 .debug_info    0x00003d5f      0x1a8 UART/UART0.o
 .debug_info    0x00003f07      0x20c UART/UART1.o
 .debug_info    0x00004113      0x1b2 WiMOD/CRC16.o
 .debug_info    0x000042c5      0x3c9 WiMOD/SLIP.o
 .debug_info    0x0000468e      0x4f5 WiMOD/WiMOD_HCI_Layer_2.o
 .debug_info    0x00004b83      0x2dc WiMOD_HCI_Host.o

.debug_abbrev   0x00000000     0x1fbe
 *(.debug_abbrev)
 .debug_abbrev  0x00000000      0x718 C:/Program Files (x86)/Atmel/Studio/7.0/Packs/atmel/ATmega_DFP/1.3.300/gcc/dev/atmega64/avr5/crtatmega64.o
 .debug_abbrev  0x00000718      0x369 main.o
 .debug_abbrev  0x00000a81       0xfd modbus/functions/mbfunccoils.o
 .debug_abbrev  0x00000b7e       0xdc modbus/functions/mbfuncdisc.o
 .debug_abbrev  0x00000c5a       0xf8 modbus/functions/mbfuncholding.o
 .debug_abbrev  0x00000d52       0xdc modbus/functions/mbfuncinput.o
 .debug_abbrev  0x00000e2e       0xe1 modbus/functions/mbfuncother.o
 .debug_abbrev  0x00000f0f       0xf3 modbus/functions/mbutils.o
 .debug_abbrev  0x00001002      0x201 modbus/mb.o
 .debug_abbrev  0x00001203       0xb8 modbus/port_AVR/mbcrc.o
 .debug_abbrev  0x000012bb       0xbd modbus/port_AVR/portevent.o
 .debug_abbrev  0x00001378      0x106 modbus/port_AVR/portserial.o
 .debug_abbrev  0x0000147e      0x103 modbus/port_AVR/porttimer.o
 .debug_abbrev  0x00001581      0x185 modbus/rtu/mbrtu.o
 .debug_abbrev  0x00001706       0xd7 ringbuffer.o
 .debug_abbrev  0x000017dd       0xa3 SPI.o
 .debug_abbrev  0x00001880       0xe1 UART/UART0.o
 .debug_abbrev  0x00001961       0xef UART/UART1.o
 .debug_abbrev  0x00001a50       0xbd WiMOD/CRC16.o
 .debug_abbrev  0x00001b0d      0x1ba WiMOD/SLIP.o
 .debug_abbrev  0x00001cc7      0x184 WiMOD/WiMOD_HCI_Layer_2.o
 .debug_abbrev  0x00001e4b      0x173 WiMOD_HCI_Host.o

.debug_line     0x00000000     0x31d4
 *(.debug_line .debug_line.* .debug_line_end)
 .debug_line    0x00000000      0x169 C:/Program Files (x86)/Atmel/Studio/7.0/Packs/atmel/ATmega_DFP/1.3.300/gcc/dev/atmega64/avr5/crtatmega64.o
 .debug_line    0x00000169      0xbbc main.o
 .debug_line    0x00000d25      0x247 modbus/functions/mbfunccoils.o
 .debug_line    0x00000f6c      0x13d modbus/functions/mbfuncdisc.o
 .debug_line    0x000010a9      0x2a3 modbus/functions/mbfuncholding.o
 .debug_line    0x0000134c      0x12b modbus/functions/mbfuncinput.o
 .debug_line    0x00001477      0x17c modbus/functions/mbfuncother.o
 .debug_line    0x000015f3      0x155 modbus/functions/mbutils.o
 .debug_line    0x00001748      0x377 modbus/mb.o
 .debug_line    0x00001abf       0xeb modbus/port_AVR/mbcrc.o
 .debug_line    0x00001baa      0x10c modbus/port_AVR/portevent.o
 .debug_line    0x00001cb6      0x1a4 modbus/port_AVR/portserial.o
 .debug_line    0x00001e5a      0x180 modbus/port_AVR/porttimer.o
 .debug_line    0x00001fda      0x315 modbus/rtu/mbrtu.o
 .debug_line    0x000022ef      0x121 ringbuffer.o
 .debug_line    0x00002410      0x15f SPI.o
 .debug_line    0x0000256f      0x1df UART/UART0.o
 .debug_line    0x0000274e      0x218 UART/UART1.o
 .debug_line    0x00002966       0xe7 WiMOD/CRC16.o
 .debug_line    0x00002a4d      0x370 WiMOD/SLIP.o
 .debug_line    0x00002dbd      0x285 WiMOD/WiMOD_HCI_Layer_2.o
 .debug_line    0x00003042      0x192 WiMOD_HCI_Host.o

.debug_frame    0x00000000      0xc48
 *(.debug_frame)
 .debug_frame   0x00000000      0x2a0 main.o
 .debug_frame   0x000002a0       0x70 modbus/functions/mbfunccoils.o
 .debug_frame   0x00000310       0x34 modbus/functions/mbfuncdisc.o
 .debug_frame   0x00000344       0x9c modbus/functions/mbfuncholding.o
 .debug_frame   0x000003e0       0x38 modbus/functions/mbfuncinput.o
 .debug_frame   0x00000418       0x54 modbus/functions/mbfuncother.o
 .debug_frame   0x0000046c       0x58 modbus/functions/mbutils.o
 .debug_frame   0x000004c4       0xa8 modbus/mb.o
 .debug_frame   0x0000056c       0x24 modbus/port_AVR/mbcrc.o
 .debug_frame   0x00000590       0x44 modbus/port_AVR/portevent.o
 .debug_frame   0x000005d4      0x104 modbus/port_AVR/portserial.o
 .debug_frame   0x000006d8       0x9c modbus/port_AVR/porttimer.o
 .debug_frame   0x00000774       0xf0 modbus/rtu/mbrtu.o
 .debug_frame   0x00000864       0x44 ringbuffer.o
 .debug_frame   0x000008a8       0x44 SPI.o
 .debug_frame   0x000008ec       0x88 UART/UART0.o
 .debug_frame   0x00000974       0xb8 UART/UART1.o
 .debug_frame   0x00000a2c       0x34 WiMOD/CRC16.o
 .debug_frame   0x00000a60       0xe0 WiMOD/SLIP.o
 .debug_frame   0x00000b40       0xb4 WiMOD/WiMOD_HCI_Layer_2.o
 .debug_frame   0x00000bf4       0x54 WiMOD_HCI_Host.o

.debug_str      0x00000000     0x180c
 *(.debug_str)
 .debug_str     0x00000000      0x27e C:/Program Files (x86)/Atmel/Studio/7.0/Packs/atmel/ATmega_DFP/1.3.300/gcc/dev/atmega64/avr5/crtatmega64.o
 .debug_str     0x0000027e      0x6d4 main.o
                                0x73d (size before relaxing)
 .debug_str     0x00000952      0x1d8 modbus/functions/mbfunccoils.o
                                0x3f6 (size before relaxing)
 .debug_str     0x00000b2a       0x49 modbus/functions/mbfuncdisc.o
                                0x388 (size before relaxing)
 .debug_str     0x00000b73      0x117 modbus/functions/mbfuncholding.o
                                0x465 (size before relaxing)
 .debug_str     0x00000c8a       0x3b modbus/functions/mbfuncinput.o
                                0x379 (size before relaxing)
 .debug_str     0x00000cc5       0x8e modbus/functions/mbfuncother.o
                                0x39a (size before relaxing)
 .debug_str     0x00000d53       0x9e modbus/functions/mbutils.o
                                0x390 (size before relaxing)
 .debug_str     0x00000df1      0x2a9 modbus/mb.o
                                0x62e (size before relaxing)
 .debug_str     0x0000109a       0x50 modbus/port_AVR/mbcrc.o
                                0x20d (size before relaxing)
 .debug_str     0x000010ea       0x49 modbus/port_AVR/portevent.o
                                0x23f (size before relaxing)
 .debug_str     0x00001133       0xbe modbus/port_AVR/portserial.o
                                0x2ce (size before relaxing)
 .debug_str     0x000011f1       0x9b modbus/port_AVR/porttimer.o
                                0x246 (size before relaxing)
 .debug_str     0x0000128c      0x191 modbus/rtu/mbrtu.o
                                0x4ec (size before relaxing)
 .debug_str     0x0000141d       0x3f ringbuffer.o
                                0x1cb (size before relaxing)
 .debug_str     0x0000145c       0x14 SPI.o
                                0x1a9 (size before relaxing)
 .debug_str     0x00001470       0x73 UART/UART0.o
                                0x1e1 (size before relaxing)
 .debug_str     0x000014e3       0x58 UART/UART1.o
                                0x1ef (size before relaxing)
 .debug_str     0x0000153b       0x43 WiMOD/CRC16.o
                                0x1ca (size before relaxing)
 .debug_str     0x0000157e      0x13d WiMOD/SLIP.o
                                0x2c0 (size before relaxing)
 .debug_str     0x000016bb       0xe9 WiMOD/WiMOD_HCI_Layer_2.o
                                0x38e (size before relaxing)
 .debug_str     0x000017a4       0x68 WiMOD_HCI_Host.o
                                0x26a (size before relaxing)

.debug_loc      0x00000000     0x453e
 *(.debug_loc)
 .debug_loc     0x00000000      0x7fd main.o
 .debug_loc     0x000007fd      0x759 modbus/functions/mbfunccoils.o
 .debug_loc     0x00000f56      0x24e modbus/functions/mbfuncdisc.o
 .debug_loc     0x000011a4      0xba9 modbus/functions/mbfuncholding.o
 .debug_loc     0x00001d4d      0x23a modbus/functions/mbfuncinput.o
 .debug_loc     0x00001f87      0x246 modbus/functions/mbfuncother.o
 .debug_loc     0x000021cd      0x319 modbus/functions/mbutils.o
 .debug_loc     0x000024e6      0x4c0 modbus/mb.o
 .debug_loc     0x000029a6      0x1d4 modbus/port_AVR/mbcrc.o
 .debug_loc     0x00002b7a       0xa1 modbus/port_AVR/portevent.o
 .debug_loc     0x00002c1b      0x299 modbus/port_AVR/portserial.o
 .debug_loc     0x00002eb4       0xf1 modbus/port_AVR/porttimer.o
 .debug_loc     0x00002fa5      0x554 modbus/rtu/mbrtu.o
 .debug_loc     0x000034f9       0x82 ringbuffer.o
 .debug_loc     0x0000357b       0x98 SPI.o
 .debug_loc     0x00003613      0x171 UART/UART0.o
 .debug_loc     0x00003784      0x32b UART/UART1.o
 .debug_loc     0x00003aaf      0x17e WiMOD/CRC16.o
 .debug_loc     0x00003c2d      0x4f5 WiMOD/SLIP.o
 .debug_loc     0x00004122      0x33d WiMOD/WiMOD_HCI_Layer_2.o
 .debug_loc     0x0000445f       0xdf WiMOD_HCI_Host.o

.debug_macinfo
 *(.debug_macinfo)

.debug_weaknames
 *(.debug_weaknames)

.debug_funcnames
 *(.debug_funcnames)

.debug_typenames
 *(.debug_typenames)

.debug_varnames
 *(.debug_varnames)

.debug_pubtypes
 *(.debug_pubtypes)

.debug_ranges   0x00000000      0x3f8
 *(.debug_ranges)
 .debug_ranges  0x00000000       0xe0 main.o
 .debug_ranges  0x000000e0       0x20 modbus/functions/mbfunccoils.o
 .debug_ranges  0x00000100       0x10 modbus/functions/mbfuncdisc.o
 .debug_ranges  0x00000110       0x28 modbus/functions/mbfuncholding.o
 .debug_ranges  0x00000138       0x10 modbus/functions/mbfuncinput.o
 .debug_ranges  0x00000148       0x18 modbus/functions/mbfuncother.o
 .debug_ranges  0x00000160       0x20 modbus/functions/mbutils.o
 .debug_ranges  0x00000180       0x38 modbus/mb.o
 .debug_ranges  0x000001b8       0x10 modbus/port_AVR/mbcrc.o
 .debug_ranges  0x000001c8       0x20 modbus/port_AVR/portevent.o
 .debug_ranges  0x000001e8       0x38 modbus/port_AVR/portserial.o
 .debug_ranges  0x00000220       0x28 modbus/port_AVR/porttimer.o
 .debug_ranges  0x00000248       0x48 modbus/rtu/mbrtu.o
 .debug_ranges  0x00000290       0x20 ringbuffer.o
 .debug_ranges  0x000002b0       0x20 SPI.o
 .debug_ranges  0x000002d0       0x38 UART/UART0.o
 .debug_ranges  0x00000308       0x38 UART/UART1.o
 .debug_ranges  0x00000340       0x18 WiMOD/CRC16.o
 .debug_ranges  0x00000358       0x58 WiMOD/SLIP.o
 .debug_ranges  0x000003b0       0x30 WiMOD/WiMOD_HCI_Layer_2.o
 .debug_ranges  0x000003e0       0x18 WiMOD_HCI_Host.o

.debug_macro
 *(.debug_macro)
OUTPUT(measurementbrd.elf elf32-avr)
LOAD linker stubs
